// Jest Snapshot v1, https://goo.gl/fbAQLP

exports[`<Empty /> should render correctly 1`] = `
.c4 {
  background: #47c8ff;
  color: #FAFAFA;
  border: none;
  border-radius: 0.4rem;
  padding: 0.8rem;
  cursor: pointer;
  outline: none;
  -webkit-text-decoration: none;
  text-decoration: none;
  display: -webkit-inline-box;
  display: -webkit-inline-flex;
  display: -ms-inline-flexbox;
  display: inline-flex;
  -webkit-align-items: center;
  -webkit-box-align: center;
  -ms-flex-align: center;
  align-items: center;
  -webkit-box-pack: center;
  -webkit-justify-content: center;
  -ms-flex-pack: center;
  justify-content: center;
  -webkit-transition: all 0.3s ease;
  transition: all 0.3s ease;
  font-family: Poppins,-apple-system,BlinkMacSystemFont,'Segoe UI',Roboto,Oxygen,Ubuntu,Cantarell,'Open Sans','Helvetica Neue',sans-serif;
  height: 4rem;
  font-size: 1.4rem;
  padding: 0.8rem 3.2rem;
}

.c4:hover {
  background: #2499ae;
}

.c0 {
  display: -webkit-box;
  display: -webkit-flex;
  display: -ms-flexbox;
  display: flex;
  -webkit-flex-direction: column;
  -ms-flex-direction: column;
  flex-direction: column;
  -webkit-align-items: center;
  -webkit-box-align: center;
  -ms-flex-align: center;
  align-items: center;
  text-align: center;
}

.c1 {
  max-width: 100%;
}

.c2 {
  color: #47C8FF;
  font-size: 2.8rem;
}

.c3 {
  color: #FAFAFA;
  font-size: 1.8rem;
  font-weight: 300;
  margin-bottom: 3.2rem;
}

<body>
  <div>
    <main
      class="c0"
    >
      <img
        alt="Um gamer jogando vídeo-game num sofá"
        class="c1"
        role="img"
        src="/img/empty.svg"
      />
      <h2
        class="c2"
      >
        Your wishlist is empty
      </h2>
      <p
        class="c3"
      >
        A simple description
      </p>
      <a
        class="c4"
        href="/"
      >
        <span>
          Voltar para a loja
        </span>
      </a>
    </main>
  </div>
</body>
`;
