// Jest Snapshot v1, https://goo.gl/fbAQLP

exports[`<Radio /> should render with label (white) 1`] = `
.c0 {
  display: -webkit-box;
  display: -webkit-flex;
  display: -ms-flexbox;
  display: flex;
  -webkit-align-items: center;
  -webkit-box-align: center;
  -ms-flex-align: center;
  align-items: center;
}

.c1 {
  display: -webkit-box;
  display: -webkit-flex;
  display: -ms-flexbox;
  display: flex;
  -webkit-align-items: center;
  -webkit-box-align: center;
  -ms-flex-align: center;
  align-items: center;
  -webkit-box-pack: center;
  -webkit-justify-content: center;
  -ms-flex-pack: center;
  justify-content: center;
  -webkit-appearance: none;
  -moz-appearance: none;
  appearance: none;
  width: 1.8rem;
  height: 1.8rem;
  border: 0.2rem solid #F231A5;
  border-radius: 50%;
  background: transparent;
  -webkit-transition: background 0.1s ease-in-out;
  transition: background 0.1s ease-in-out;
  outline: none;
  cursor: pointer;
}

.c1:focus {
  box-shadow: 0 0 0.5rem #F231A5;
}

.c1:before {
  content: '';
  width: 0.8rem;
  height: 0.8rem;
  border-radius: 50%;
  background: #F231A5;
  -webkit-transition: opacity 0.1s ease-in-out;
  transition: opacity 0.1s ease-in-out;
  opacity: 0;
  position: absolute;
}

.c1:checked:before {
  opacity: 1;
}

.c2 {
  padding-left: 0.8rem;
  color: #FAFAFA;
  line-height: 1;
  cursor: pointer;
}

<div
  class="c0"
>
  <input
    class="c1"
    id="check"
    type="checkbox"
    value="anyValue"
  />
  <label
    class="c2"
    for="check"
  >
    Radio
  </label>
</div>
`;
