// Jest Snapshot v1, https://goo.gl/fbAQLP

exports[`<Games /> should render the heading 1`] = `
<main
  class=""
>
  <h1>
    Games
  </h1>
</main>
`;
